0 verbose cli C:\Program Files\nodejs\node.exe C:\Program Files\nodejs\node_modules\npm\bin\npm-cli.js
1 info using npm@10.9.3
2 info using node@v22.18.0
3 silly config load:file:C:\Program Files\nodejs\node_modules\npm\npmrc
4 silly config load:file:D:\rns-job-analyzer\admin-service\.npmrc
5 silly config load:file:C:\Users\shree\.npmrc
6 silly config load:file:C:\Users\shree\AppData\Roaming\npm\etc\npmrc
7 verbose title npm install @supabase/supabase-js @supabase/ssr
8 verbose argv "install" "@supabase/supabase-js" "@supabase/ssr"
9 verbose logfile logs-max:10 dir:D:\rns-job-analyzer\admin-service\.npm-cache\_logs\2026-02-05T00_59_34_266Z-
10 verbose logfile D:\rns-job-analyzer\admin-service\.npm-cache\_logs\2026-02-05T00_59_34_266Z-debug-0.log
11 silly logfile done cleaning log files
12 silly packumentCache heap:4345298944 maxSize:1086324736 maxEntrySize:543162368
13 silly idealTree buildDeps
14 silly fetch manifest @supabase/supabase-js@*
15 silly packumentCache full:https://registry.npmjs.org/@supabase%2fsupabase-js cache-miss
16 http fetch GET 200 https://registry.npmjs.org/npm 254ms
17 http fetch GET 200 https://registry.npmjs.org/@supabase%2fsupabase-js 1375ms (cache miss)
18 silly packumentCache full:https://registry.npmjs.org/@supabase%2fsupabase-js set size:undefined disposed:false
19 silly fetch manifest @supabase/ssr@*
20 silly packumentCache full:https://registry.npmjs.org/@supabase%2fssr cache-miss
21 http fetch GET 200 https://registry.npmjs.org/@supabase%2fssr 849ms (cache miss)
22 silly packumentCache full:https://registry.npmjs.org/@supabase%2fssr set size:undefined disposed:false
23 silly placeDep ROOT @supabase/ssr@0.8.0 OK for: admin-service@0.1.0 want: *
24 silly placeDep ROOT @supabase/supabase-js@2.94.1 OK for: @supabase/ssr@0.8.0 want: ^2.76.1
25 silly placeDep ROOT @supabase/supabase-js@2.94.1 REPLACE for: admin-service@0.1.0 want: *
26 silly fetch manifest cookie@^1.0.2
27 silly packumentCache full:https://registry.npmjs.org/cookie cache-miss
28 silly fetch manifest @supabase/auth-js@2.94.1
29 silly packumentCache full:https://registry.npmjs.org/@supabase%2fauth-js cache-miss
30 silly fetch manifest @supabase/functions-js@2.94.1
31 silly packumentCache full:https://registry.npmjs.org/@supabase%2ffunctions-js cache-miss
32 silly fetch manifest @supabase/postgrest-js@2.94.1
33 silly packumentCache full:https://registry.npmjs.org/@supabase%2fpostgrest-js cache-miss
34 silly fetch manifest @supabase/realtime-js@2.94.1
35 silly packumentCache full:https://registry.npmjs.org/@supabase%2frealtime-js cache-miss
36 silly fetch manifest @supabase/storage-js@2.94.1
37 silly packumentCache full:https://registry.npmjs.org/@supabase%2fstorage-js cache-miss
38 silly fetch manifest @supabase/auth-js@2.94.1
39 silly packumentCache full:https://registry.npmjs.org/@supabase%2fauth-js cache-miss
40 silly fetch manifest @supabase/functions-js@2.94.1
41 silly packumentCache full:https://registry.npmjs.org/@supabase%2ffunctions-js cache-miss
42 silly fetch manifest @supabase/postgrest-js@2.94.1
43 silly packumentCache full:https://registry.npmjs.org/@supabase%2fpostgrest-js cache-miss
44 silly fetch manifest @supabase/realtime-js@2.94.1
45 silly packumentCache full:https://registry.npmjs.org/@supabase%2frealtime-js cache-miss
46 silly fetch manifest @supabase/storage-js@2.94.1
47 silly packumentCache full:https://registry.npmjs.org/@supabase%2fstorage-js cache-miss
48 http fetch GET 200 https://registry.npmjs.org/cookie 61ms (cache miss)
49 silly packumentCache full:https://registry.npmjs.org/cookie set size:undefined disposed:false
50 http fetch GET 200 https://registry.npmjs.org/@supabase%2fauth-js 846ms (cache miss)
51 silly packumentCache full:https://registry.npmjs.org/@supabase%2fauth-js set size:undefined disposed:false
52 http fetch GET 200 https://registry.npmjs.org/@supabase%2fauth-js 858ms (cache miss)
53 silly packumentCache full:https://registry.npmjs.org/@supabase%2fauth-js set size:undefined disposed:false
54 http fetch GET 200 https://registry.npmjs.org/@supabase%2ffunctions-js 865ms (cache miss)
55 silly packumentCache full:https://registry.npmjs.org/@supabase%2ffunctions-js set size:undefined disposed:false
56 http fetch GET 200 https://registry.npmjs.org/@supabase%2frealtime-js 878ms (cache miss)
57 silly packumentCache full:https://registry.npmjs.org/@supabase%2frealtime-js set size:undefined disposed:false
58 http fetch GET 200 https://registry.npmjs.org/@supabase%2fpostgrest-js 891ms (cache miss)
59 silly packumentCache full:https://registry.npmjs.org/@supabase%2fpostgrest-js set size:undefined disposed:false
60 http fetch GET 200 https://registry.npmjs.org/@supabase%2frealtime-js 909ms (cache miss)
61 silly packumentCache full:https://registry.npmjs.org/@supabase%2frealtime-js set size:undefined disposed:false
62 http fetch GET 200 https://registry.npmjs.org/@supabase%2ffunctions-js 1309ms (cache miss)
63 silly packumentCache full:https://registry.npmjs.org/@supabase%2ffunctions-js set size:undefined disposed:false
64 http fetch GET 200 https://registry.npmjs.org/@supabase%2fpostgrest-js 1321ms (cache miss)
65 silly packumentCache full:https://registry.npmjs.org/@supabase%2fpostgrest-js set size:undefined disposed:false
66 http fetch GET 200 https://registry.npmjs.org/@supabase%2fstorage-js 2462ms (cache miss)
67 silly packumentCache full:https://registry.npmjs.org/@supabase%2fstorage-js set size:undefined disposed:false
68 http fetch GET 200 https://registry.npmjs.org/@supabase%2fstorage-js 2472ms (cache miss)
69 silly packumentCache full:https://registry.npmjs.org/@supabase%2fstorage-js set size:undefined disposed:false
70 silly placeDep ROOT cookie@1.1.1 OK for: @supabase/ssr@0.8.0 want: ^1.0.2
71 silly placeDep ROOT @supabase/auth-js@2.94.1 OK for: @supabase/supabase-js@2.94.1 want: 2.94.1
72 silly placeDep ROOT @supabase/functions-js@2.94.1 OK for: @supabase/supabase-js@2.94.1 want: 2.94.1
73 silly placeDep ROOT @supabase/postgrest-js@2.94.1 OK for: @supabase/supabase-js@2.94.1 want: 2.94.1
74 silly placeDep ROOT @supabase/realtime-js@2.94.1 OK for: @supabase/supabase-js@2.94.1 want: 2.94.1
75 silly placeDep ROOT @supabase/storage-js@2.94.1 OK for: @supabase/supabase-js@2.94.1 want: 2.94.1
76 silly fetch manifest @types/phoenix@^1.6.6
77 silly packumentCache full:https://registry.npmjs.org/@types%2fphoenix cache-miss
78 silly fetch manifest @types/ws@^8.18.1
79 silly packumentCache full:https://registry.npmjs.org/@types%2fws cache-miss
80 silly fetch manifest ws@^8.18.2
81 silly packumentCache full:https://registry.npmjs.org/ws cache-miss
82 silly fetch manifest iceberg-js@^0.8.1
83 silly packumentCache full:https://registry.npmjs.org/iceberg-js cache-miss
84 http fetch GET 200 https://registry.npmjs.org/ws 46ms (cache miss)
85 silly packumentCache full:https://registry.npmjs.org/ws set size:undefined disposed:false
86 http fetch GET 200 https://registry.npmjs.org/@types%2fws 309ms (cache miss)
87 silly packumentCache full:https://registry.npmjs.org/@types%2fws set size:undefined disposed:false
88 http fetch GET 200 https://registry.npmjs.org/iceberg-js 313ms (cache miss)
89 silly packumentCache full:https://registry.npmjs.org/iceberg-js set size:undefined disposed:false
90 http fetch GET 200 https://registry.npmjs.org/@types%2fphoenix 567ms (cache miss)
91 silly packumentCache full:https://registry.npmjs.org/@types%2fphoenix set size:undefined disposed:false
92 silly fetch manifest bufferutil@^4.0.1
93 silly packumentCache full:https://registry.npmjs.org/bufferutil cache-miss
94 http fetch GET 200 https://registry.npmjs.org/bufferutil 299ms (cache miss)
95 silly packumentCache full:https://registry.npmjs.org/bufferutil set size:undefined disposed:false
96 silly fetch manifest utf-8-validate@>=5.0.2
97 silly packumentCache full:https://registry.npmjs.org/utf-8-validate cache-miss
98 http fetch GET 200 https://registry.npmjs.org/utf-8-validate 40ms (cache miss)
99 silly packumentCache full:https://registry.npmjs.org/utf-8-validate set size:undefined disposed:false
100 silly placeDep ROOT @types/phoenix@1.6.7 OK for: @supabase/realtime-js@2.94.1 want: ^1.6.6
101 silly placeDep ROOT @types/ws@8.18.1 OK for: @supabase/realtime-js@2.94.1 want: ^8.18.1
102 silly placeDep ROOT ws@8.19.0 OK for: @supabase/realtime-js@2.94.1 want: ^8.18.2
103 silly placeDep ROOT iceberg-js@0.8.1 OK for: @supabase/storage-js@2.94.1 want: ^0.8.1
104 silly reify moves {}
105 verbose reify failed optional dependency D:\rns-job-analyzer\admin-service\node_modules\@tailwindcss\oxide-wasm32-wasi
106 silly reify mark deleted [
106 silly reify   'D:\\rns-job-analyzer\\admin-service\\node_modules\\@tailwindcss\\oxide-wasm32-wasi'
106 silly reify ]
107 silly audit bulk request {
107 silly audit   '@alloc/quick-lru': [ '5.2.0' ],
107 silly audit   '@babel/code-frame': [ '7.29.0' ],
107 silly audit   '@babel/compat-data': [ '7.29.0' ],
107 silly audit   '@babel/core': [ '7.29.0' ],
107 silly audit   '@babel/generator': [ '7.29.1' ],
107 silly audit   '@babel/helper-compilation-targets': [ '7.28.6' ],
107 silly audit   '@babel/helper-globals': [ '7.28.0' ],
107 silly audit   '@babel/helper-module-imports': [ '7.28.6' ],
107 silly audit   '@babel/helper-module-transforms': [ '7.28.6' ],
107 silly audit   '@babel/helper-string-parser': [ '7.27.1' ],
107 silly audit   '@babel/helper-validator-identifier': [ '7.28.5' ],
107 silly audit   '@babel/helper-validator-option': [ '7.27.1' ],
107 silly audit   '@babel/helpers': [ '7.28.6' ],
107 silly audit   '@babel/parser': [ '7.29.0' ],
107 silly audit   '@babel/template': [ '7.28.6' ],
107 silly audit   '@babel/traverse': [ '7.29.0' ],
107 silly audit   '@babel/types': [ '7.29.0' ],
107 silly audit   '@emnapi/core': [ '1.8.1' ],
107 silly audit   '@emnapi/runtime': [ '1.8.1' ],
107 silly audit   '@emnapi/wasi-threads': [ '1.1.0' ],
107 silly audit   '@eslint-community/eslint-utils': [ '4.9.1' ],
107 silly audit   'eslint-visitor-keys': [ '3.4.3', '4.2.1' ],
107 silly audit   '@eslint-community/regexpp': [ '4.12.2' ],
107 silly audit   '@eslint/config-array': [ '0.21.1' ],
107 silly audit   '@eslint/config-helpers': [ '0.4.2' ],
107 silly audit   '@eslint/core': [ '0.17.0' ],
107 silly audit   '@eslint/eslintrc': [ '3.3.3' ],
107 silly audit   '@eslint/js': [ '9.39.2' ],
107 silly audit   '@eslint/object-schema': [ '2.1.7' ],
107 silly audit   '@eslint/plugin-kit': [ '0.4.1' ],
107 silly audit   '@humanfs/core': [ '0.19.1' ],
107 silly audit   '@humanfs/node': [ '0.16.7' ],
107 silly audit   '@humanwhocodes/module-importer': [ '1.0.1' ],
107 silly audit   '@humanwhocodes/retry': [ '0.4.3' ],
107 silly audit   '@img/colour': [ '1.0.0' ],
107 silly audit   '@img/sharp-darwin-arm64': [ '0.34.5' ],
107 silly audit   '@img/sharp-darwin-x64': [ '0.34.5' ],
107 silly audit   '@img/sharp-libvips-darwin-arm64': [ '1.2.4' ],
107 silly audit   '@img/sharp-libvips-darwin-x64': [ '1.2.4' ],
107 silly audit   '@img/sharp-libvips-linux-arm': [ '1.2.4' ],
107 silly audit   '@img/sharp-libvips-linux-arm64': [ '1.2.4' ],
107 silly audit   '@img/sharp-libvips-linux-ppc64': [ '1.2.4' ],
107 silly audit   '@img/sharp-libvips-linux-riscv64': [ '1.2.4' ],
107 silly audit   '@img/sharp-libvips-linux-s390x': [ '1.2.4' ],
107 silly audit   '@img/sharp-libvips-linux-x64': [ '1.2.4' ],
107 silly audit   '@img/sharp-libvips-linuxmusl-arm64': [ '1.2.4' ],
107 silly audit   '@img/sharp-libvips-linuxmusl-x64': [ '1.2.4' ],
107 silly audit   '@img/sharp-linux-arm': [ '0.34.5' ],
107 silly audit   '@img/sharp-linux-arm64': [ '0.34.5' ],
107 silly audit   '@img/sharp-linux-ppc64': [ '0.34.5' ],
107 silly audit   '@img/sharp-linux-riscv64': [ '0.34.5' ],
107 silly audit   '@img/sharp-linux-s390x': [ '0.34.5' ],
107 silly audit   '@img/sharp-linux-x64': [ '0.34.5' ],
107 silly audit   '@img/sharp-linuxmusl-arm64': [ '0.34.5' ],
107 silly audit   '@img/sharp-linuxmusl-x64': [ '0.34.5' ],
107 silly audit   '@img/sharp-wasm32': [ '0.34.5' ],
107 silly audit   '@img/sharp-win32-arm64': [ '0.34.5' ],
107 silly audit   '@img/sharp-win32-ia32': [ '0.34.5' ],
107 silly audit   '@img/sharp-win32-x64': [ '0.34.5' ],
107 silly audit   '@jridgewell/gen-mapping': [ '0.3.13' ],
107 silly audit   '@jridgewell/remapping': [ '2.3.5' ],
107 silly audit   '@jridgewell/resolve-uri': [ '3.1.2' ],
107 silly audit   '@jridgewell/sourcemap-codec': [ '1.5.5' ],
107 silly audit   '@jridgewell/trace-mapping': [ '0.3.31' ],
107 silly audit   '@napi-rs/wasm-runtime': [ '0.2.12' ],
107 silly audit   '@next/env': [ '16.1.6' ],
107 silly audit   '@next/eslint-plugin-next': [ '16.1.6' ],
107 silly audit   '@next/swc-darwin-arm64': [ '16.1.6' ],
107 silly audit   '@next/swc-darwin-x64': [ '16.1.6' ],
107 silly audit   '@next/swc-linux-arm64-gnu': [ '16.1.6' ],
107 silly audit   '@next/swc-linux-arm64-musl': [ '16.1.6' ],
107 silly audit   '@next/swc-linux-x64-gnu': [ '16.1.6' ],
107 silly audit   '@next/swc-linux-x64-musl': [ '16.1.6' ],
107 silly audit   '@next/swc-win32-arm64-msvc': [ '16.1.6' ],
107 silly audit   '@next/swc-win32-x64-msvc': [ '16.1.6' ],
107 silly audit   '@nodelib/fs.scandir': [ '2.1.5' ],
107 silly audit   '@nodelib/fs.stat': [ '2.0.5' ],
107 silly audit   '@nodelib/fs.walk': [ '1.2.8' ],
107 silly audit   '@nolyfill/is-core-module': [ '1.0.39' ],
107 silly audit   '@rtsao/scc': [ '1.1.0' ],
107 silly audit   '@swc/helpers': [ '0.5.15' ],
107 silly audit   '@tailwindcss/node': [ '4.1.18' ],
107 silly audit   '@tailwindcss/oxide': [ '4.1.18' ],
107 silly audit   '@tailwindcss/oxide-android-arm64': [ '4.1.18' ],
107 silly audit   '@tailwindcss/oxide-darwin-arm64': [ '4.1.18' ],
107 silly audit   '@tailwindcss/oxide-darwin-x64': [ '4.1.18' ],
107 silly audit   '@tailwindcss/oxide-freebsd-x64': [ '4.1.18' ],
107 silly audit   '@tailwindcss/oxide-linux-arm-gnueabihf': [ '4.1.18' ],
107 silly audit   '@tailwindcss/oxide-linux-arm64-gnu': [ '4.1.18' ],
107 silly audit   '@tailwindcss/oxide-linux-arm64-musl': [ '4.1.18' ],
107 silly audit   '@tailwindcss/oxide-linux-x64-gnu': [ '4.1.18' ],
107 silly audit   '@tailwindcss/oxide-linux-x64-musl': [ '4.1.18' ],
107 silly audit   '@tailwindcss/oxide-win32-arm64-msvc': [ '4.1.18' ],
107 silly audit   '@tailwindcss/oxide-win32-x64-msvc': [ '4.1.18' ],
107 silly audit   '@tailwindcss/postcss': [ '4.1.18' ],
107 silly audit   '@tybys/wasm-util': [ '0.10.1' ],
107 silly audit   '@types/estree': [ '1.0.8' ],
107 silly audit   '@types/json-schema': [ '7.0.15' ],
107 silly audit   '@types/json5': [ '0.0.29' ],
107 silly audit   '@types/node': [ '20.19.31' ],
107 silly audit   '@types/react': [ '19.2.11' ],
107 silly audit   '@types/react-dom': [ '19.2.3' ],
107 silly audit   '@typescript-eslint/eslint-plugin': [ '8.54.0' ],
107 silly audit   ignore: [ '7.0.5', '5.3.2' ],
107 silly audit   '@typescript-eslint/parser': [ '8.54.0' ],
107 silly audit   '@typescript-eslint/project-service': [ '8.54.0' ],
107 silly audit   '@typescript-eslint/scope-manager': [ '8.54.0' ],
107 silly audit   '@typescript-eslint/tsconfig-utils': [ '8.54.0' ],
107 silly audit   '@typescript-eslint/type-utils': [ '8.54.0' ],
107 silly audit   '@typescript-eslint/types': [ '8.54.0' ],
107 silly audit   '@typescript-eslint/typescript-estree': [ '8.54.0' ],
107 silly audit   'brace-expansion': [ '2.0.2', '1.1.12' ],
107 silly audit   minimatch: [ '9.0.5', '3.1.2' ],
107 silly audit   semver: [ '7.7.3', '6.3.1' ],
107 silly audit   '@typescript-eslint/utils': [ '8.54.0' ],
107 silly audit   '@typescript-eslint/visitor-keys': [ '8.54.0' ],
107 silly audit   '@unrs/resolver-binding-android-arm-eabi': [ '1.11.1' ],
107 silly audit   '@unrs/resolver-binding-android-arm64': [ '1.11.1' ],
107 silly audit   '@unrs/resolver-binding-darwin-arm64': [ '1.11.1' ],
107 silly audit   '@unrs/resolver-binding-darwin-x64': [ '1.11.1' ],
107 silly audit   '@unrs/resolver-binding-freebsd-x64': [ '1.11.1' ],
107 silly audit   '@unrs/resolver-binding-linux-arm-gnueabihf': [ '1.11.1' ],
107 silly audit   '@unrs/resolver-binding-linux-arm-musleabihf': [ '1.11.1' ],
107 silly audit   '@unrs/resolver-binding-linux-arm64-gnu': [ '1.11.1' ],
107 silly audit   '@unrs/resolver-binding-linux-arm64-musl': [ '1.11.1' ],
107 silly audit   '@unrs/resolver-binding-linux-ppc64-gnu': [ '1.11.1' ],
107 silly audit   '@unrs/resolver-binding-linux-riscv64-gnu': [ '1.11.1' ],
107 silly audit   '@unrs/resolver-binding-linux-riscv64-musl': [ '1.11.1' ],
107 silly audit   '@unrs/resolver-binding-linux-s390x-gnu': [ '1.11.1' ],
107 silly audit   '@unrs/resolver-binding-linux-x64-gnu': [ '1.11.1' ],
107 silly audit   '@unrs/resolver-binding-linux-x64-musl': [ '1.11.1' ],
107 silly audit   '@unrs/resolver-binding-wasm32-wasi': [ '1.11.1' ],
107 silly audit   '@unrs/resolver-binding-win32-arm64-msvc': [ '1.11.1' ],
107 silly audit   '@unrs/resolver-binding-win32-ia32-msvc': [ '1.11.1' ],
107 silly audit   '@unrs/resolver-binding-win32-x64-msvc': [ '1.11.1' ],
107 silly audit   acorn: [ '8.15.0' ],
107 silly audit   'acorn-jsx': [ '5.3.2' ],
107 silly audit   ajv: [ '6.12.6' ],
107 silly audit   'ansi-styles': [ '4.3.0' ],
107 silly audit   argparse: [ '2.0.1' ],
107 silly audit   'aria-query': [ '5.3.2' ],
107 silly audit   'array-buffer-byte-length': [ '1.0.2' ],
107 silly audit   'array-includes': [ '3.1.9' ],
107 silly audit   'array.prototype.findlast': [ '1.2.5' ],
107 silly audit   'array.prototype.findlastindex': [ '1.2.6' ],
107 silly audit   'array.prototype.flat': [ '1.3.3' ],
107 silly audit   'array.prototype.flatmap': [ '1.3.3' ],
107 silly audit   'array.prototype.tosorted': [ '1.1.4' ],
107 silly audit   'arraybuffer.prototype.slice': [ '1.0.4' ],
107 silly audit   'ast-types-flow': [ '0.0.8' ],
107 silly audit   'async-function': [ '1.0.0' ],
107 silly audit   'available-typed-arrays': [ '1.0.7' ],
107 silly audit   'axe-core': [ '4.11.1' ],
107 silly audit   'axobject-query': [ '4.1.0' ],
107 silly audit   'babel-plugin-react-compiler': [ '1.0.0' ],
107 silly audit   'balanced-match': [ '1.0.2' ],
107 silly audit   'baseline-browser-mapping': [ '2.9.19' ],
107 silly audit   braces: [ '3.0.3' ],
107 silly audit   browserslist: [ '4.28.1' ],
107 silly audit   'call-bind': [ '1.0.8' ],
107 silly audit   'call-bind-apply-helpers': [ '1.0.2' ],
107 silly audit   'call-bound': [ '1.0.4' ],
107 silly audit   callsites: [ '3.1.0' ],
107 silly audit   'caniuse-lite': [ '1.0.30001767' ],
107 silly audit   chalk: [ '4.1.2' ],
107 silly audit   'client-only': [ '0.0.1' ],
107 silly audit   'color-convert': [ '2.0.1' ],
107 silly audit   'color-name': [ '1.1.4' ],
107 silly audit   'concat-map': [ '0.0.1' ],
107 silly audit   'convert-source-map': [ '2.0.0' ],
107 silly audit   'cross-spawn': [ '7.0.6' ],
107 silly audit   csstype: [ '3.2.3' ],
107 silly audit   'damerau-levenshtein': [ '1.0.8' ],
107 silly audit   'data-view-buffer': [ '1.0.2' ],
107 silly audit   'data-view-byte-length': [ '1.0.2' ],
107 silly audit   'data-view-byte-offset': [ '1.0.1' ],
107 silly audit   debug: [ '4.4.3', '3.2.7' ],
107 silly audit   'deep-is': [ '0.1.4' ],
107 silly audit   'define-data-property': [ '1.1.4' ],
107 silly audit   'define-properties': [ '1.2.1' ],
107 silly audit   'detect-libc': [ '2.1.2' ],
107 silly audit   doctrine: [ '2.1.0' ],
107 silly audit   'dunder-proto': [ '1.0.1' ],
107 silly audit   'electron-to-chromium': [ '1.5.286' ],
107 silly audit   'emoji-regex': [ '9.2.2' ],
107 silly audit   'enhanced-resolve': [ '5.19.0' ],
107 silly audit   'es-abstract': [ '1.24.1' ],
107 silly audit   'es-define-property': [ '1.0.1' ],
107 silly audit   'es-errors': [ '1.3.0' ],
107 silly audit   'es-iterator-helpers': [ '1.2.2' ],
107 silly audit   'es-object-atoms': [ '1.1.1' ],
107 silly audit   'es-set-tostringtag': [ '2.1.0' ],
107 silly audit   'es-shim-unscopables': [ '1.1.0' ],
107 silly audit   'es-to-primitive': [ '1.3.0' ],
107 silly audit   escalade: [ '3.2.0' ],
107 silly audit   'escape-string-regexp': [ '4.0.0' ],
107 silly audit   eslint: [ '9.39.2' ],
107 silly audit   'eslint-config-next': [ '16.1.6' ],
107 silly audit   globals: [ '16.4.0', '14.0.0' ],
107 silly audit   'eslint-import-resolver-node': [ '0.3.9' ],
107 silly audit   'eslint-import-resolver-typescript': [ '3.10.1' ],
107 silly audit   'eslint-module-utils': [ '2.12.1' ],
107 silly audit   'eslint-plugin-import': [ '2.32.0' ],
107 silly audit   'eslint-plugin-jsx-a11y': [ '6.10.2' ],
107 silly audit   'eslint-plugin-react': [ '7.37.5' ],
107 silly audit   'eslint-plugin-react-hooks': [ '7.0.1' ],
107 silly audit   resolve: [ '2.0.0-next.5', '1.22.11' ],
107 silly audit   'eslint-scope': [ '8.4.0' ],
107 silly audit   espree: [ '10.4.0' ],
107 silly audit   esquery: [ '1.7.0' ],
107 silly audit   esrecurse: [ '4.3.0' ],
107 silly audit   estraverse: [ '5.3.0' ],
107 silly audit   esutils: [ '2.0.3' ],
107 silly audit   'fast-deep-equal': [ '3.1.3' ],
107 silly audit   'fast-glob': [ '3.3.1' ],
107 silly audit   'glob-parent': [ '5.1.2', '6.0.2' ],
107 silly audit   'fast-json-stable-stringify': [ '2.1.0' ],
107 silly audit   'fast-levenshtein': [ '2.0.6' ],
107 silly audit   fastq: [ '1.20.1' ],
107 silly audit   'file-entry-cache': [ '8.0.0' ],
107 silly audit   'fill-range': [ '7.1.1' ],
107 silly audit   'find-up': [ '5.0.0' ],
107 silly audit   'flat-cache': [ '4.0.1' ],
107 silly audit   flatted: [ '3.3.3' ],
107 silly audit   'for-each': [ '0.3.5' ],
107 silly audit   'function-bind': [ '1.1.2' ],
107 silly audit   'function.prototype.name': [ '1.1.8' ],
107 silly audit   'functions-have-names': [ '1.2.3' ],
107 silly audit   'generator-function': [ '2.0.1' ],
107 silly audit   gensync: [ '1.0.0-beta.2' ],
107 silly audit   'get-intrinsic': [ '1.3.0' ],
107 silly audit   'get-proto': [ '1.0.1' ],
107 silly audit   'get-symbol-description': [ '1.1.0' ],
107 silly audit   'get-tsconfig': [ '4.13.1' ],
107 silly audit   globalthis: [ '1.0.4' ],
107 silly audit   gopd: [ '1.2.0' ],
107 silly audit   'graceful-fs': [ '4.2.11' ],
107 silly audit   'has-bigints': [ '1.1.0' ],
107 silly audit   'has-flag': [ '4.0.0' ],
107 silly audit   'has-property-descriptors': [ '1.0.2' ],
107 silly audit   'has-proto': [ '1.2.0' ],
107 silly audit   'has-symbols': [ '1.1.0' ],
107 silly audit   'has-tostringtag': [ '1.0.2' ],
107 silly audit   hasown: [ '2.0.2' ],
107 silly audit   'hermes-estree': [ '0.25.1' ],
107 silly audit   'hermes-parser': [ '0.25.1' ],
107 silly audit   'import-fresh': [ '3.3.1' ],
107 silly audit   imurmurhash: [ '0.1.4' ],
107 silly audit   'internal-slot': [ '1.1.0' ],
107 silly audit   'is-array-buffer': [ '3.0.5' ],
107 silly audit   'is-async-function': [ '2.1.1' ],
107 silly audit   'is-bigint': [ '1.1.0' ],
107 silly audit   'is-boolean-object': [ '1.2.2' ],
107 silly audit   'is-bun-module': [ '2.0.0' ],
107 silly audit   'is-callable': [ '1.2.7' ],
107 silly audit   'is-core-module': [ '2.16.1' ],
107 silly audit   'is-data-view': [ '1.0.2' ],
107 silly audit   'is-date-object': [ '1.1.0' ],
107 silly audit   'is-extglob': [ '2.1.1' ],
107 silly audit   'is-finalizationregistry': [ '1.1.1' ],
107 silly audit   'is-generator-function': [ '1.1.2' ],
107 silly audit   'is-glob': [ '4.0.3' ],
107 silly audit   'is-map': [ '2.0.3' ],
107 silly audit   'is-negative-zero': [ '2.0.3' ],
107 silly audit   'is-number': [ '7.0.0' ],
107 silly audit   'is-number-object': [ '1.1.1' ],
107 silly audit   'is-regex': [ '1.2.1' ],
107 silly audit   'is-set': [ '2.0.3' ],
107 silly audit   'is-shared-array-buffer': [ '1.0.4' ],
107 silly audit   'is-string': [ '1.1.1' ],
107 silly audit   'is-symbol': [ '1.1.1' ],
107 silly audit   'is-typed-array': [ '1.1.15' ],
107 silly audit   'is-weakmap': [ '2.0.2' ],
107 silly audit   'is-weakref': [ '1.1.1' ],
107 silly audit   'is-weakset': [ '2.0.4' ],
107 silly audit   isarray: [ '2.0.5' ],
107 silly audit   isexe: [ '2.0.0' ],
107 silly audit   'iterator.prototype': [ '1.1.5' ],
107 silly audit   jiti: [ '2.6.1' ],
107 silly audit   'js-tokens': [ '4.0.0' ],
107 silly audit   'js-yaml': [ '4.1.1' ],
107 silly audit   jsesc: [ '3.1.0' ],
107 silly audit   'json-buffer': [ '3.0.1' ],
107 silly audit   'json-schema-traverse': [ '0.4.1' ],
107 silly audit   'json-stable-stringify-without-jsonify': [ '1.0.1' ],
107 silly audit   json5: [ '2.2.3', '1.0.2' ],
107 silly audit   'jsx-ast-utils': [ '3.3.5' ],
107 silly audit   keyv: [ '4.5.4' ],
107 silly audit   'language-subtag-registry': [ '0.3.23' ],
107 silly audit   'language-tags': [ '1.0.9' ],
107 silly audit   levn: [ '0.4.1' ],
107 silly audit   lightningcss: [ '1.30.2' ],
107 silly audit   'lightningcss-android-arm64': [ '1.30.2' ],
107 silly audit   'lightningcss-darwin-arm64': [ '1.30.2' ],
107 silly audit   'lightningcss-darwin-x64': [ '1.30.2' ],
107 silly audit   'lightningcss-freebsd-x64': [ '1.30.2' ],
107 silly audit   'lightningcss-linux-arm-gnueabihf': [ '1.30.2' ],
107 silly audit   'lightningcss-linux-arm64-gnu': [ '1.30.2' ],
107 silly audit   'lightningcss-linux-arm64-musl': [ '1.30.2' ],
107 silly audit   'lightningcss-linux-x64-gnu': [ '1.30.2' ],
107 silly audit   'lightningcss-linux-x64-musl': [ '1.30.2' ],
107 silly audit   'lightningcss-win32-arm64-msvc': [ '1.30.2' ],
107 silly audit   'lightningcss-win32-x64-msvc': [ '1.30.2' ],
107 silly audit   'locate-path': [ '6.0.0' ],
107 silly audit   'lodash.merge': [ '4.6.2' ],
107 silly audit   'loose-envify': [ '1.4.0' ],
107 silly audit   'lru-cache': [ '5.1.1' ],
107 silly audit   'magic-string': [ '0.30.21' ],
107 silly audit   'math-intrinsics': [ '1.1.0' ],
107 silly audit   merge2: [ '1.4.1' ],
107 silly audit   micromatch: [ '4.0.8' ],
107 silly audit   minimist: [ '1.2.8' ],
107 silly audit   ms: [ '2.1.3' ],
107 silly audit   nanoid: [ '3.3.11' ],
107 silly audit   'napi-postinstall': [ '0.3.4' ],
107 silly audit   'natural-compare': [ '1.4.0' ],
107 silly audit   next: [ '16.1.6' ],
107 silly audit   postcss: [ '8.4.31', '8.5.6' ],
107 silly audit   'node-releases': [ '2.0.27' ],
107 silly audit   'object-assign': [ '4.1.1' ],
107 silly audit   'object-inspect': [ '1.13.4' ],
107 silly audit   'object-keys': [ '1.1.1' ],
107 silly audit   'object.assign': [ '4.1.7' ],
107 silly audit   'object.entries': [ '1.1.9' ],
107 silly audit   'object.fromentries': [ '2.0.8' ],
107 silly audit   'object.groupby': [ '1.0.3' ],
107 silly audit   'object.values': [ '1.2.1' ],
107 silly audit   optionator: [ '0.9.4' ],
107 silly audit   'own-keys': [ '1.0.1' ],
107 silly audit   'p-limit': [ '3.1.0' ],
107 silly audit   'p-locate': [ '5.0.0' ],
107 silly audit   'parent-module': [ '1.0.1' ],
107 silly audit   'path-exists': [ '4.0.0' ],
107 silly audit   'path-key': [ '3.1.1' ],
107 silly audit   'path-parse': [ '1.0.7' ],
107 silly audit   picocolors: [ '1.1.1' ],
107 silly audit   picomatch: [ '2.3.1', '4.0.3' ],
107 silly audit   'possible-typed-array-names': [ '1.1.0' ],
107 silly audit   'prelude-ls': [ '1.2.1' ],
107 silly audit   'prop-types': [ '15.8.1' ],
107 silly audit   punycode: [ '2.3.1' ],
107 silly audit   'queue-microtask': [ '1.2.3' ],
107 silly audit   react: [ '19.2.3' ],
107 silly audit   'react-dom': [ '19.2.3' ],
107 silly audit   'react-is': [ '16.13.1' ],
107 silly audit   'reflect.getprototypeof': [ '1.0.10' ],
107 silly audit   'regexp.prototype.flags': [ '1.5.4' ],
107 silly audit   'resolve-from': [ '4.0.0' ],
107 silly audit   'resolve-pkg-maps': [ '1.0.0' ],
107 silly audit   reusify: [ '1.1.0' ],
107 silly audit   'run-parallel': [ '1.2.0' ],
107 silly audit   'safe-array-concat': [ '1.1.3' ],
107 silly audit   'safe-push-apply': [ '1.0.0' ],
107 silly audit   'safe-regex-test': [ '1.1.0' ],
107 silly audit   scheduler: [ '0.27.0' ],
107 silly audit   'set-function-length': [ '1.2.2' ],
107 silly audit   'set-function-name': [ '2.0.2' ],
107 silly audit   'set-proto': [ '1.0.0' ],
107 silly audit   sharp: [ '0.34.5' ],
107 silly audit   'shebang-command': [ '2.0.0' ],
107 silly audit   'shebang-regex': [ '3.0.0' ],
107 silly audit   'side-channel': [ '1.1.0' ],
107 silly audit   'side-channel-list': [ '1.0.0' ],
107 silly audit   'side-channel-map': [ '1.0.1' ],
107 silly audit   'side-channel-weakmap': [ '1.0.2' ],
107 silly audit   'source-map-js': [ '1.2.1' ],
107 silly audit   'stable-hash': [ '0.0.5' ],
107 silly audit   'stop-iteration-iterator': [ '1.1.0' ],
107 silly audit   'string.prototype.includes': [ '2.0.1' ],
107 silly audit   'string.prototype.matchall': [ '4.0.12' ],
107 silly audit   'string.prototype.repeat': [ '1.0.0' ],
107 silly audit   'string.prototype.trim': [ '1.2.10' ],
107 silly audit   'string.prototype.trimend': [ '1.0.9' ],
107 silly audit   'string.prototype.trimstart': [ '1.0.8' ],
107 silly audit   'strip-bom': [ '3.0.0' ],
107 silly audit   'strip-json-comments': [ '3.1.1' ],
107 silly audit   'styled-jsx': [ '5.1.6' ],
107 silly audit   'supports-color': [ '7.2.0' ],
107 silly audit   'supports-preserve-symlinks-flag': [ '1.0.0' ],
107 silly audit   tailwindcss: [ '4.1.18' ],
107 silly audit   tapable: [ '2.3.0' ],
107 silly audit   tinyglobby: [ '0.2.15' ],
107 silly audit   fdir: [ '6.5.0' ],
107 silly audit   'to-regex-range': [ '5.0.1' ],
107 silly audit   'ts-api-utils': [ '2.4.0' ],
107 silly audit   'tsconfig-paths': [ '3.15.0' ],
107 silly audit   tslib: [ '2.8.1' ],
107 silly audit   'type-check': [ '0.4.0' ],
107 silly audit   'typed-array-buffer': [ '1.0.3' ],
107 silly audit   'typed-array-byte-length': [ '1.0.3' ],
107 silly audit   'typed-array-byte-offset': [ '1.0.4' ],
107 silly audit   'typed-array-length': [ '1.0.7' ],
107 silly audit   typescript: [ '5.9.3' ],
107 silly audit   'typescript-eslint': [ '8.54.0' ],
107 silly audit   'unbox-primitive': [ '1.1.0' ],
107 silly audit   'undici-types': [ '6.21.0' ],
107 silly audit   'unrs-resolver': [ '1.11.1' ],
107 silly audit   'update-browserslist-db': [ '1.2.3' ],
107 silly audit   'uri-js': [ '4.4.1' ],
107 silly audit   which: [ '2.0.2' ],
107 silly audit   'which-boxed-primitive': [ '1.1.1' ],
107 silly audit   'which-builtin-type': [ '1.2.1' ],
107 silly audit   'which-collection': [ '1.0.2' ],
107 silly audit   'which-typed-array': [ '1.1.20' ],
107 silly audit   'word-wrap': [ '1.2.5' ],
107 silly audit   yallist: [ '3.1.1' ],
107 silly audit   'yocto-queue': [ '0.1.0' ],
107 silly audit   zod: [ '4.3.6' ],
107 silly audit   'zod-validation-error': [ '4.0.2' ],
107 silly audit   '@supabase/ssr': [ '0.8.0' ],
107 silly audit   '@supabase/supabase-js': [ '2.94.1' ],
107 silly audit   cookie: [ '1.1.1' ],
107 silly audit   '@supabase/auth-js': [ '2.94.1' ],
107 silly audit   '@supabase/functions-js': [ '2.94.1' ],
107 silly audit   '@supabase/postgrest-js': [ '2.94.1' ],
107 silly audit   '@supabase/realtime-js': [ '2.94.1' ],
107 silly audit   '@supabase/storage-js': [ '2.94.1' ],
107 silly audit   '@types/phoenix': [ '1.6.7' ],
107 silly audit   '@types/ws': [ '8.18.1' ],
107 silly audit   ws: [ '8.19.0' ],
107 silly audit   'iceberg-js': [ '0.8.1' ],
107 silly audit   '@tailwindcss/oxide-wasm32-wasi': [ '4.1.18' ]
107 silly audit }
108 verbose reify failed optional dependency D:\rns-job-analyzer\admin-service\node_modules\lightningcss-win32-arm64-msvc
109 silly reify mark deleted [
109 silly reify   'D:\\rns-job-analyzer\\admin-service\\node_modules\\lightningcss-win32-arm64-msvc'
109 silly reify ]
110 verbose reify failed optional dependency D:\rns-job-analyzer\admin-service\node_modules\lightningcss-linux-x64-musl
111 silly reify mark deleted [
111 silly reify   'D:\\rns-job-analyzer\\admin-service\\node_modules\\lightningcss-linux-x64-musl'
111 silly reify ]
112 verbose reify failed optional dependency D:\rns-job-analyzer\admin-service\node_modules\lightningcss-linux-x64-gnu
113 silly reify mark deleted [
113 silly reify   'D:\\rns-job-analyzer\\admin-service\\node_modules\\lightningcss-linux-x64-gnu'
113 silly reify ]
114 verbose reify failed optional dependency D:\rns-job-analyzer\admin-service\node_modules\lightningcss-linux-arm64-musl
115 silly reify mark deleted [
115 silly reify   'D:\\rns-job-analyzer\\admin-service\\node_modules\\lightningcss-linux-arm64-musl'
115 silly reify ]
116 verbose reify failed optional dependency D:\rns-job-analyzer\admin-service\node_modules\lightningcss-linux-arm64-gnu
117 silly reify mark deleted [
117 silly reify   'D:\\rns-job-analyzer\\admin-service\\node_modules\\lightningcss-linux-arm64-gnu'
117 silly reify ]
118 verbose reify failed optional dependency D:\rns-job-analyzer\admin-service\node_modules\lightningcss-linux-arm-gnueabihf
119 silly reify mark deleted [
119 silly reify   'D:\\rns-job-analyzer\\admin-service\\node_modules\\lightningcss-linux-arm-gnueabihf'
119 silly reify ]
120 verbose reify failed optional dependency D:\rns-job-analyzer\admin-service\node_modules\lightningcss-freebsd-x64
121 silly reify mark deleted [
121 silly reify   'D:\\rns-job-analyzer\\admin-service\\node_modules\\lightningcss-freebsd-x64'
121 silly reify ]
122 verbose reify failed optional dependency D:\rns-job-analyzer\admin-service\node_modules\lightningcss-darwin-x64
123 silly reify mark deleted [
123 silly reify   'D:\\rns-job-analyzer\\admin-service\\node_modules\\lightningcss-darwin-x64'
123 silly reify ]
124 verbose reify failed optional dependency D:\rns-job-analyzer\admin-service\node_modules\lightningcss-darwin-arm64
125 silly reify mark deleted [
125 silly reify   'D:\\rns-job-analyzer\\admin-service\\node_modules\\lightningcss-darwin-arm64'
125 silly reify ]
126 verbose reify failed optional dependency D:\rns-job-analyzer\admin-service\node_modules\lightningcss-android-arm64
127 silly reify mark deleted [
127 silly reify   'D:\\rns-job-analyzer\\admin-service\\node_modules\\lightningcss-android-arm64'
127 silly reify ]
128 verbose reify failed optional dependency D:\rns-job-analyzer\admin-service\node_modules\@unrs\resolver-binding-win32-ia32-msvc
129 silly reify mark deleted [
129 silly reify   'D:\\rns-job-analyzer\\admin-service\\node_modules\\@unrs\\resolver-binding-win32-ia32-msvc'
129 silly reify ]
130 verbose reify failed optional dependency D:\rns-job-analyzer\admin-service\node_modules\@unrs\resolver-binding-win32-arm64-msvc
131 silly reify mark deleted [
131 silly reify   'D:\\rns-job-analyzer\\admin-service\\node_modules\\@unrs\\resolver-binding-win32-arm64-msvc'
131 silly reify ]
132 verbose reify failed optional dependency D:\rns-job-analyzer\admin-service\node_modules\@unrs\resolver-binding-wasm32-wasi
133 silly reify mark deleted [
133 silly reify   'D:\\rns-job-analyzer\\admin-service\\node_modules\\@unrs\\resolver-binding-wasm32-wasi'
133 silly reify ]
134 verbose reify failed optional dependency D:\rns-job-analyzer\admin-service\node_modules\@unrs\resolver-binding-linux-x64-musl
135 silly reify mark deleted [
135 silly reify   'D:\\rns-job-analyzer\\admin-service\\node_modules\\@unrs\\resolver-binding-linux-x64-musl'
135 silly reify ]
136 verbose reify failed optional dependency D:\rns-job-analyzer\admin-service\node_modules\@unrs\resolver-binding-linux-x64-gnu
137 silly reify mark deleted [
137 silly reify   'D:\\rns-job-analyzer\\admin-service\\node_modules\\@unrs\\resolver-binding-linux-x64-gnu'
137 silly reify ]
138 verbose reify failed optional dependency D:\rns-job-analyzer\admin-service\node_modules\@unrs\resolver-binding-linux-s390x-gnu
139 silly reify mark deleted [
139 silly reify   'D:\\rns-job-analyzer\\admin-service\\node_modules\\@unrs\\resolver-binding-linux-s390x-gnu'
139 silly reify ]
140 verbose reify failed optional dependency D:\rns-job-analyzer\admin-service\node_modules\@unrs\resolver-binding-linux-riscv64-musl
141 silly reify mark deleted [
141 silly reify   'D:\\rns-job-analyzer\\admin-service\\node_modules\\@unrs\\resolver-binding-linux-riscv64-musl'
141 silly reify ]
142 verbose reify failed optional dependency D:\rns-job-analyzer\admin-service\node_modules\@unrs\resolver-binding-linux-riscv64-gnu
143 silly reify mark deleted [
143 silly reify   'D:\\rns-job-analyzer\\admin-service\\node_modules\\@unrs\\resolver-binding-linux-riscv64-gnu'
143 silly reify ]
144 verbose reify failed optional dependency D:\rns-job-analyzer\admin-service\node_modules\@unrs\resolver-binding-linux-ppc64-gnu
145 silly reify mark deleted [
145 silly reify   'D:\\rns-job-analyzer\\admin-service\\node_modules\\@unrs\\resolver-binding-linux-ppc64-gnu'
145 silly reify ]
146 verbose reify failed optional dependency D:\rns-job-analyzer\admin-service\node_modules\@unrs\resolver-binding-linux-arm64-musl
147 silly reify mark deleted [
147 silly reify   'D:\\rns-job-analyzer\\admin-service\\node_modules\\@unrs\\resolver-binding-linux-arm64-musl'
147 silly reify ]
148 verbose reify failed optional dependency D:\rns-job-analyzer\admin-service\node_modules\@unrs\resolver-binding-linux-arm64-gnu
149 silly reify mark deleted [
149 silly reify   'D:\\rns-job-analyzer\\admin-service\\node_modules\\@unrs\\resolver-binding-linux-arm64-gnu'
149 silly reify ]
150 verbose reify failed optional dependency D:\rns-job-analyzer\admin-service\node_modules\@unrs\resolver-binding-linux-arm-musleabihf
151 silly reify mark deleted [
151 silly reify   'D:\\rns-job-analyzer\\admin-service\\node_modules\\@unrs\\resolver-binding-linux-arm-musleabihf'
151 silly reify ]
152 verbose reify failed optional dependency D:\rns-job-analyzer\admin-service\node_modules\@unrs\resolver-binding-linux-arm-gnueabihf
153 silly reify mark deleted [
153 silly reify   'D:\\rns-job-analyzer\\admin-service\\node_modules\\@unrs\\resolver-binding-linux-arm-gnueabihf'
153 silly reify ]
154 verbose reify failed optional dependency D:\rns-job-analyzer\admin-service\node_modules\@unrs\resolver-binding-freebsd-x64
155 silly reify mark deleted [
155 silly reify   'D:\\rns-job-analyzer\\admin-service\\node_modules\\@unrs\\resolver-binding-freebsd-x64'
155 silly reify ]
156 verbose reify failed optional dependency D:\rns-job-analyzer\admin-service\node_modules\@unrs\resolver-binding-darwin-x64
157 silly reify mark deleted [
157 silly reify   'D:\\rns-job-analyzer\\admin-service\\node_modules\\@unrs\\resolver-binding-darwin-x64'
157 silly reify ]
158 verbose reify failed optional dependency D:\rns-job-analyzer\admin-service\node_modules\@unrs\resolver-binding-darwin-arm64
159 silly reify mark deleted [
159 silly reify   'D:\\rns-job-analyzer\\admin-service\\node_modules\\@unrs\\resolver-binding-darwin-arm64'
159 silly reify ]
160 verbose reify failed optional dependency D:\rns-job-analyzer\admin-service\node_modules\@unrs\resolver-binding-android-arm64
161 silly reify mark deleted [
161 silly reify   'D:\\rns-job-analyzer\\admin-service\\node_modules\\@unrs\\resolver-binding-android-arm64'
161 silly reify ]
162 verbose reify failed optional dependency D:\rns-job-analyzer\admin-service\node_modules\@unrs\resolver-binding-android-arm-eabi
163 silly reify mark deleted [
163 silly reify   'D:\\rns-job-analyzer\\admin-service\\node_modules\\@unrs\\resolver-binding-android-arm-eabi'
163 silly reify ]
164 verbose reify failed optional dependency D:\rns-job-analyzer\admin-service\node_modules\@tailwindcss\oxide-win32-arm64-msvc
165 silly reify mark deleted [
165 silly reify   'D:\\rns-job-analyzer\\admin-service\\node_modules\\@tailwindcss\\oxide-win32-arm64-msvc'
165 silly reify ]
166 verbose reify failed optional dependency D:\rns-job-analyzer\admin-service\node_modules\@tailwindcss\oxide-linux-x64-musl
167 silly reify mark deleted [
167 silly reify   'D:\\rns-job-analyzer\\admin-service\\node_modules\\@tailwindcss\\oxide-linux-x64-musl'
167 silly reify ]
168 verbose reify failed optional dependency D:\rns-job-analyzer\admin-service\node_modules\@tailwindcss\oxide-linux-x64-gnu
169 silly reify mark deleted [
169 silly reify   'D:\\rns-job-analyzer\\admin-service\\node_modules\\@tailwindcss\\oxide-linux-x64-gnu'
169 silly reify ]
170 verbose reify failed optional dependency D:\rns-job-analyzer\admin-service\node_modules\@tailwindcss\oxide-linux-arm64-musl
171 silly reify mark deleted [
171 silly reify   'D:\\rns-job-analyzer\\admin-service\\node_modules\\@tailwindcss\\oxide-linux-arm64-musl'
171 silly reify ]
172 verbose reify failed optional dependency D:\rns-job-analyzer\admin-service\node_modules\@tailwindcss\oxide-linux-arm64-gnu
173 silly reify mark deleted [
173 silly reify   'D:\\rns-job-analyzer\\admin-service\\node_modules\\@tailwindcss\\oxide-linux-arm64-gnu'
173 silly reify ]
174 verbose reify failed optional dependency D:\rns-job-analyzer\admin-service\node_modules\@tailwindcss\oxide-linux-arm-gnueabihf
175 silly reify mark deleted [
175 silly reify   'D:\\rns-job-analyzer\\admin-service\\node_modules\\@tailwindcss\\oxide-linux-arm-gnueabihf'
175 silly reify ]
176 verbose reify failed optional dependency D:\rns-job-analyzer\admin-service\node_modules\@tailwindcss\oxide-freebsd-x64
177 silly reify mark deleted [
177 silly reify   'D:\\rns-job-analyzer\\admin-service\\node_modules\\@tailwindcss\\oxide-freebsd-x64'
177 silly reify ]
178 verbose reify failed optional dependency D:\rns-job-analyzer\admin-service\node_modules\@tailwindcss\oxide-darwin-x64
179 silly reify mark deleted [
179 silly reify   'D:\\rns-job-analyzer\\admin-service\\node_modules\\@tailwindcss\\oxide-darwin-x64'
179 silly reify ]
180 verbose reify failed optional dependency D:\rns-job-analyzer\admin-service\node_modules\@tailwindcss\oxide-darwin-arm64
181 silly reify mark deleted [
181 silly reify   'D:\\rns-job-analyzer\\admin-service\\node_modules\\@tailwindcss\\oxide-darwin-arm64'
181 silly reify ]
182 verbose reify failed optional dependency D:\rns-job-analyzer\admin-service\node_modules\@tailwindcss\oxide-android-arm64
183 silly reify mark deleted [
183 silly reify   'D:\\rns-job-analyzer\\admin-service\\node_modules\\@tailwindcss\\oxide-android-arm64'
183 silly reify ]
184 verbose reify failed optional dependency D:\rns-job-analyzer\admin-service\node_modules\@next\swc-win32-arm64-msvc
185 silly reify mark deleted [
185 silly reify   'D:\\rns-job-analyzer\\admin-service\\node_modules\\@next\\swc-win32-arm64-msvc'
185 silly reify ]
186 verbose reify failed optional dependency D:\rns-job-analyzer\admin-service\node_modules\@next\swc-linux-x64-musl
187 silly reify mark deleted [
187 silly reify   'D:\\rns-job-analyzer\\admin-service\\node_modules\\@next\\swc-linux-x64-musl'
187 silly reify ]
188 verbose reify failed optional dependency D:\rns-job-analyzer\admin-service\node_modules\@next\swc-linux-x64-gnu
189 silly reify mark deleted [
189 silly reify   'D:\\rns-job-analyzer\\admin-service\\node_modules\\@next\\swc-linux-x64-gnu'
189 silly reify ]
190 verbose reify failed optional dependency D:\rns-job-analyzer\admin-service\node_modules\@next\swc-linux-arm64-musl
191 silly reify mark deleted [
191 silly reify   'D:\\rns-job-analyzer\\admin-service\\node_modules\\@next\\swc-linux-arm64-musl'
191 silly reify ]
192 verbose reify failed optional dependency D:\rns-job-analyzer\admin-service\node_modules\@next\swc-linux-arm64-gnu
193 silly reify mark deleted [
193 silly reify   'D:\\rns-job-analyzer\\admin-service\\node_modules\\@next\\swc-linux-arm64-gnu'
193 silly reify ]
194 verbose reify failed optional dependency D:\rns-job-analyzer\admin-service\node_modules\@next\swc-darwin-x64
195 silly reify mark deleted [
195 silly reify   'D:\\rns-job-analyzer\\admin-service\\node_modules\\@next\\swc-darwin-x64'
195 silly reify ]
196 verbose reify failed optional dependency D:\rns-job-analyzer\admin-service\node_modules\@next\swc-darwin-arm64
197 silly reify mark deleted [
197 silly reify   'D:\\rns-job-analyzer\\admin-service\\node_modules\\@next\\swc-darwin-arm64'
197 silly reify ]
198 verbose reify failed optional dependency D:\rns-job-analyzer\admin-service\node_modules\@img\sharp-win32-ia32
199 silly reify mark deleted [
199 silly reify   'D:\\rns-job-analyzer\\admin-service\\node_modules\\@img\\sharp-win32-ia32'
199 silly reify ]
200 verbose reify failed optional dependency D:\rns-job-analyzer\admin-service\node_modules\@img\sharp-win32-arm64
201 silly reify mark deleted [
201 silly reify   'D:\\rns-job-analyzer\\admin-service\\node_modules\\@img\\sharp-win32-arm64'
201 silly reify ]
202 verbose reify failed optional dependency D:\rns-job-analyzer\admin-service\node_modules\@img\sharp-wasm32
203 silly reify mark deleted [
203 silly reify   'D:\\rns-job-analyzer\\admin-service\\node_modules\\@img\\sharp-wasm32'
203 silly reify ]
204 verbose reify failed optional dependency D:\rns-job-analyzer\admin-service\node_modules\@img\sharp-linuxmusl-x64
205 silly reify mark deleted [
205 silly reify   'D:\\rns-job-analyzer\\admin-service\\node_modules\\@img\\sharp-linuxmusl-x64'
205 silly reify ]
206 verbose reify failed optional dependency D:\rns-job-analyzer\admin-service\node_modules\@img\sharp-linuxmusl-arm64
207 silly reify mark deleted [
207 silly reify   'D:\\rns-job-analyzer\\admin-service\\node_modules\\@img\\sharp-linuxmusl-arm64'
207 silly reify ]
208 verbose reify failed optional dependency D:\rns-job-analyzer\admin-service\node_modules\@img\sharp-linux-x64
209 silly reify mark deleted [
209 silly reify   'D:\\rns-job-analyzer\\admin-service\\node_modules\\@img\\sharp-linux-x64'
209 silly reify ]
210 verbose reify failed optional dependency D:\rns-job-analyzer\admin-service\node_modules\@img\sharp-linux-s390x
211 silly reify mark deleted [
211 silly reify   'D:\\rns-job-analyzer\\admin-service\\node_modules\\@img\\sharp-linux-s390x'
211 silly reify ]
212 verbose reify failed optional dependency D:\rns-job-analyzer\admin-service\node_modules\@img\sharp-linux-riscv64
213 silly reify mark deleted [
213 silly reify   'D:\\rns-job-analyzer\\admin-service\\node_modules\\@img\\sharp-linux-riscv64'
213 silly reify ]
214 verbose reify failed optional dependency D:\rns-job-analyzer\admin-service\node_modules\@img\sharp-linux-ppc64
215 silly reify mark deleted [
215 silly reify   'D:\\rns-job-analyzer\\admin-service\\node_modules\\@img\\sharp-linux-ppc64'
215 silly reify ]
216 verbose reify failed optional dependency D:\rns-job-analyzer\admin-service\node_modules\@img\sharp-linux-arm64
217 silly reify mark deleted [
217 silly reify   'D:\\rns-job-analyzer\\admin-service\\node_modules\\@img\\sharp-linux-arm64'
217 silly reify ]
218 verbose reify failed optional dependency D:\rns-job-analyzer\admin-service\node_modules\@img\sharp-linux-arm
219 silly reify mark deleted [
219 silly reify   'D:\\rns-job-analyzer\\admin-service\\node_modules\\@img\\sharp-linux-arm'
219 silly reify ]
220 verbose reify failed optional dependency D:\rns-job-analyzer\admin-service\node_modules\@img\sharp-libvips-linuxmusl-x64
221 silly reify mark deleted [
221 silly reify   'D:\\rns-job-analyzer\\admin-service\\node_modules\\@img\\sharp-libvips-linuxmusl-x64'
221 silly reify ]
222 verbose reify failed optional dependency D:\rns-job-analyzer\admin-service\node_modules\@img\sharp-libvips-linuxmusl-arm64
223 silly reify mark deleted [
223 silly reify   'D:\\rns-job-analyzer\\admin-service\\node_modules\\@img\\sharp-libvips-linuxmusl-arm64'
223 silly reify ]
224 verbose reify failed optional dependency D:\rns-job-analyzer\admin-service\node_modules\@img\sharp-libvips-linux-x64
225 silly reify mark deleted [
225 silly reify   'D:\\rns-job-analyzer\\admin-service\\node_modules\\@img\\sharp-libvips-linux-x64'
225 silly reify ]
226 verbose reify failed optional dependency D:\rns-job-analyzer\admin-service\node_modules\@img\sharp-libvips-linux-s390x
227 silly reify mark deleted [
227 silly reify   'D:\\rns-job-analyzer\\admin-service\\node_modules\\@img\\sharp-libvips-linux-s390x'
227 silly reify ]
228 verbose reify failed optional dependency D:\rns-job-analyzer\admin-service\node_modules\@img\sharp-libvips-linux-riscv64
229 silly reify mark deleted [
229 silly reify   'D:\\rns-job-analyzer\\admin-service\\node_modules\\@img\\sharp-libvips-linux-riscv64'
229 silly reify ]
230 verbose reify failed optional dependency D:\rns-job-analyzer\admin-service\node_modules\@img\sharp-libvips-linux-ppc64
231 silly reify mark deleted [
231 silly reify   'D:\\rns-job-analyzer\\admin-service\\node_modules\\@img\\sharp-libvips-linux-ppc64'
231 silly reify ]
232 verbose reify failed optional dependency D:\rns-job-analyzer\admin-service\node_modules\@img\sharp-libvips-linux-arm64
233 silly reify mark deleted [
233 silly reify   'D:\\rns-job-analyzer\\admin-service\\node_modules\\@img\\sharp-libvips-linux-arm64'
233 silly reify ]
234 verbose reify failed optional dependency D:\rns-job-analyzer\admin-service\node_modules\@img\sharp-libvips-linux-arm
235 silly reify mark deleted [
235 silly reify   'D:\\rns-job-analyzer\\admin-service\\node_modules\\@img\\sharp-libvips-linux-arm'
235 silly reify ]
236 verbose reify failed optional dependency D:\rns-job-analyzer\admin-service\node_modules\@img\sharp-libvips-darwin-x64
237 silly reify mark deleted [
237 silly reify   'D:\\rns-job-analyzer\\admin-service\\node_modules\\@img\\sharp-libvips-darwin-x64'
237 silly reify ]
238 verbose reify failed optional dependency D:\rns-job-analyzer\admin-service\node_modules\@img\sharp-libvips-darwin-arm64
239 silly reify mark deleted [
239 silly reify   'D:\\rns-job-analyzer\\admin-service\\node_modules\\@img\\sharp-libvips-darwin-arm64'
239 silly reify ]
240 verbose reify failed optional dependency D:\rns-job-analyzer\admin-service\node_modules\@img\sharp-darwin-x64
241 silly reify mark deleted [
241 silly reify   'D:\\rns-job-analyzer\\admin-service\\node_modules\\@img\\sharp-darwin-x64'
241 silly reify ]
242 verbose reify failed optional dependency D:\rns-job-analyzer\admin-service\node_modules\@img\sharp-darwin-arm64
243 silly reify mark deleted [
243 silly reify   'D:\\rns-job-analyzer\\admin-service\\node_modules\\@img\\sharp-darwin-arm64'
243 silly reify ]
244 http cache iceberg-js@https://registry.npmjs.org/iceberg-js/-/iceberg-js-0.8.1.tgz 0ms (cache hit)
245 http cache @supabase/storage-js@https://registry.npmjs.org/@supabase/storage-js/-/storage-js-2.94.1.tgz 0ms (cache hit)
246 http cache @supabase/realtime-js@https://registry.npmjs.org/@supabase/realtime-js/-/realtime-js-2.94.1.tgz 0ms (cache hit)
247 http cache @types/ws@https://registry.npmjs.org/@types/ws/-/ws-8.18.1.tgz 0ms (cache hit)
248 http cache @supabase/postgrest-js@https://registry.npmjs.org/@supabase/postgrest-js/-/postgrest-js-2.94.1.tgz 0ms (cache hit)
249 http cache ws@https://registry.npmjs.org/ws/-/ws-8.19.0.tgz 0ms (cache hit)
250 http cache @types/phoenix@https://registry.npmjs.org/@types/phoenix/-/phoenix-1.6.7.tgz 0ms (cache hit)
251 http cache @supabase/auth-js@https://registry.npmjs.org/@supabase/auth-js/-/auth-js-2.94.1.tgz 0ms (cache hit)
252 http cache @supabase/functions-js@https://registry.npmjs.org/@supabase/functions-js/-/functions-js-2.94.1.tgz 0ms (cache hit)
253 http cache cookie@https://registry.npmjs.org/cookie/-/cookie-1.1.1.tgz 0ms (cache hit)
254 silly tarball no local data for iceberg-js@https://registry.npmjs.org/iceberg-js/-/iceberg-js-0.8.1.tgz. Extracting by manifest.
255 silly tarball no local data for @supabase/storage-js@https://registry.npmjs.org/@supabase/storage-js/-/storage-js-2.94.1.tgz. Extracting by manifest.
256 silly tarball no local data for @supabase/realtime-js@https://registry.npmjs.org/@supabase/realtime-js/-/realtime-js-2.94.1.tgz. Extracting by manifest.
257 silly tarball no local data for @types/ws@https://registry.npmjs.org/@types/ws/-/ws-8.18.1.tgz. Extracting by manifest.
258 silly tarball no local data for @supabase/postgrest-js@https://registry.npmjs.org/@supabase/postgrest-js/-/postgrest-js-2.94.1.tgz. Extracting by manifest.
259 silly tarball no local data for ws@https://registry.npmjs.org/ws/-/ws-8.19.0.tgz. Extracting by manifest.
260 silly tarball no local data for @types/phoenix@https://registry.npmjs.org/@types/phoenix/-/phoenix-1.6.7.tgz. Extracting by manifest.
261 silly tarball no local data for @supabase/auth-js@https://registry.npmjs.org/@supabase/auth-js/-/auth-js-2.94.1.tgz. Extracting by manifest.
262 silly tarball no local data for @supabase/functions-js@https://registry.npmjs.org/@supabase/functions-js/-/functions-js-2.94.1.tgz. Extracting by manifest.
263 silly tarball no local data for cookie@https://registry.npmjs.org/cookie/-/cookie-1.1.1.tgz. Extracting by manifest.
264 http cache @supabase/supabase-js@https://registry.npmjs.org/@supabase/supabase-js/-/supabase-js-2.94.1.tgz 0ms (cache hit)
265 http cache @supabase/ssr@https://registry.npmjs.org/@supabase/ssr/-/ssr-0.8.0.tgz 0ms (cache hit)
266 silly tarball no local data for @supabase/supabase-js@https://registry.npmjs.org/@supabase/supabase-js/-/supabase-js-2.94.1.tgz. Extracting by manifest.
267 silly tarball no local data for @supabase/ssr@https://registry.npmjs.org/@supabase/ssr/-/ssr-0.8.0.tgz. Extracting by manifest.
268 http fetch GET 200 https://registry.npmjs.org/cookie/-/cookie-1.1.1.tgz 57ms (cache miss)
269 http fetch GET 200 https://registry.npmjs.org/iceberg-js/-/iceberg-js-0.8.1.tgz 70ms (cache miss)
270 http fetch GET 200 https://registry.npmjs.org/ws/-/ws-8.19.0.tgz 78ms (cache miss)
271 http fetch POST 200 https://registry.npmjs.org/-/npm/v1/security/advisories/bulk 276ms
272 silly audit report {}
273 http fetch GET 200 https://registry.npmjs.org/@types/phoenix/-/phoenix-1.6.7.tgz 341ms (cache miss)
274 http fetch GET 200 https://registry.npmjs.org/@supabase/supabase-js/-/supabase-js-2.94.1.tgz 410ms (cache miss)
275 http fetch GET 200 https://registry.npmjs.org/@supabase/postgrest-js/-/postgrest-js-2.94.1.tgz 418ms (cache miss)
276 http fetch GET 200 https://registry.npmjs.org/@supabase/storage-js/-/storage-js-2.94.1.tgz 423ms (cache miss)
277 http fetch GET 200 https://registry.npmjs.org/@supabase/functions-js/-/functions-js-2.94.1.tgz 427ms (cache miss)
278 http fetch GET 200 https://registry.npmjs.org/@supabase/realtime-js/-/realtime-js-2.94.1.tgz 482ms (cache miss)
279 http fetch GET 200 https://registry.npmjs.org/@supabase/ssr/-/ssr-0.8.0.tgz 676ms (cache miss)
280 http fetch GET 200 https://registry.npmjs.org/@types/ws/-/ws-8.18.1.tgz 822ms (cache miss)
281 http fetch GET 200 https://registry.npmjs.org/@supabase/auth-js/-/auth-js-2.94.1.tgz 998ms (cache miss)
282 silly ADD node_modules/iceberg-js
283 silly ADD node_modules/ws
284 silly ADD node_modules/@types/ws
285 silly ADD node_modules/@types/phoenix
286 silly ADD node_modules/@supabase/storage-js
287 silly ADD node_modules/@supabase/realtime-js
288 silly ADD node_modules/@supabase/postgrest-js
289 silly ADD node_modules/@supabase/functions-js
290 silly ADD node_modules/@supabase/auth-js
291 silly ADD node_modules/cookie
292 silly ADD node_modules/@supabase/supabase-js
293 silly ADD node_modules/@supabase/ssr
294 silly ADD
295 silly ADD
296 silly ADD
297 silly ADD
298 silly ADD
299 silly ADD
300 silly ADD
301 silly ADD
302 silly ADD
303 silly ADD
304 silly ADD
305 silly ADD
306 silly ADD
307 silly ADD
308 silly ADD
309 silly ADD
310 silly ADD
311 silly ADD
312 silly ADD
313 silly ADD
314 silly ADD
315 silly ADD
316 silly ADD
317 silly ADD
318 silly ADD
319 silly ADD
320 silly ADD
321 silly ADD
322 silly ADD
323 silly ADD
324 silly ADD
325 silly ADD
326 silly ADD
327 silly ADD
328 silly ADD
329 silly ADD
330 silly ADD
331 silly ADD
332 silly ADD
333 silly ADD
334 silly ADD
335 silly ADD
336 silly ADD
337 silly ADD
338 silly ADD
339 silly ADD
340 silly ADD
341 silly ADD
342 silly ADD
343 silly ADD
344 silly ADD
345 silly ADD
346 silly ADD
347 silly ADD
348 silly ADD
349 silly ADD
350 silly ADD
351 silly ADD
352 silly ADD
353 silly ADD
354 silly ADD
355 silly ADD
356 silly ADD
357 silly ADD
358 silly ADD
359 silly ADD
360 silly ADD
361 silly ADD
362 silly ADD
363 verbose cwd D:\rns-job-analyzer\admin-service
364 verbose os Windows_NT 10.0.26200
365 verbose node v22.18.0
366 verbose npm  v10.9.3
367 notice
367 notice New [31mmajor[39m version of npm available! [31m10.9.3[39m -> [34m11.9.0[39m
367 notice Changelog: [34mhttps://github.com/npm/cli/releases/tag/v11.9.0[39m
367 notice To update run: [4mnpm install -g npm@11.9.0[24m
367 notice  { force: true, [Symbol(proc-log.meta)]: true }
368 verbose exit 0
369 info ok
